// Jest Snapshot v1, https://goo.gl/fbAQLP

exports[`GameBox.js should match snapshot 1`] = `
<div
  className="questionContainer"
>
  <h3>
    Talos, the mythical giant bronze man, was the protector of which island?
  </h3>
  <div
    className="buttonContainer"
  >
    <button
      className="answerButton"
      id="Crete"
      onClick={[Function]}
      value="Crete"
    >
      Crete
    </button>
  </div>
  <div
    className="buttonContainer"
  >
    <button
      className="answerButton"
      id="Cyprus"
      onClick={[Function]}
      value="Cyprus"
    >
      Cyprus
    </button>
  </div>
  <div
    className="buttonContainer"
  >
    <button
      className="answerButton"
      id="Sardinia"
      onClick={[Function]}
      value="Sardinia"
    >
      Sardinia
    </button>
  </div>
  <div
    className="buttonContainer"
  >
    <button
      className="answerButton"
      id="Sicily"
      onClick={[Function]}
      value="Sicily"
    >
      Sicily
    </button>
  </div>
</div>
`;
